// Jest Snapshot v1, https://goo.gl/fbAQLP

exports[`Properties renders correctly 1`] = `
<DocumentFragment>
  <div
    class="add-property"
  >
    Add Property Page
    <form>
      <div
        class="form-field"
      >
        <label
          for="title"
        >
          Title
          <input
            id="title"
            name="title"
            placeholder="title"
            type="text"
            value=""
          />
        </label>
      </div>
      <div
        class="form-field"
      >
        <label
          for="city"
        >
          City
          <select
            id="city"
            name="city"
          >
            <option
              value="Manchester"
            >
              Manchester
            </option>
            <option
              value="Leeds"
            >
              Leeds
            </option>
            <option
              value="Sheffield"
            >
              Sheffield
            </option>
            <option
              value="Liverpool"
            >
              Liverpool
            </option>
          </select>
        </label>
      </div>
      <div
        class="form-field"
      >
        <label
          for="type"
        >
          House type
          <select
            id="type"
            name="type"
          >
            <option
              value="Flat"
            >
              Flat
            </option>
            <option
              value="Detached"
            >
              Detached
            </option>
            <option
              value="Semi-Detached"
            >
              Semi-Detached
            </option>
            <option
              value="Terraced"
            >
              Terraced
            </option>
            <option
              value="End of Terrace"
            >
              End of Terrace
            </option>
            <option
              value="Cottage"
            >
              Cottage
            </option>
            <option
              value="Bungalow"
            >
              Bungalow
            </option>
          </select>
        </label>
      </div>
      <div
        class="form-field"
      >
        <label
          for="bedrooms"
        >
          Bedrooms
          <input
            id="bedrooms"
            name="bedrooms"
            placeholder="Bedrooms"
            type="number"
            value="1"
          />
        </label>
      </div>
      <div
        class="form-field"
      >
        <label
          for="bathrooms"
        >
          Bathrooms
          <input
            id="bathrooms"
            name="bathrooms"
            placeholder="Bathrooms"
            type="number"
            value="1"
          />
        </label>
      </div>
      <div
        class="form-field"
      >
        <label
          for="price"
        >
          Price
          <input
            id="price"
            name="price"
            placeholder="100000"
            type="number"
            value="0"
          />
        </label>
      </div>
      <div
        class="form-field"
      >
        <label
          for="email"
        >
          email
          <input
            id="email"
            name="email"
            placeholder="example@outlook.com"
            type="text"
            value=""
          />
        </label>
      </div>
      <div
        class="form-field"
      >
        <button
          type="submit"
        >
          Add
        </button>
      </div>
    </form>
  </div>
</DocumentFragment>
`;
