// Jest Snapshot v1, https://goo.gl/fbAQLP

exports[`Alert renders correctly 1`] = `
<DocumentFragment>
  <div
    class="alert alert-error"
  />
</DocumentFragment>
`;
