// Jest Snapshot v1, https://goo.gl/fbAQLP

exports[`Sidebar renders correctly 1`] = `
<DocumentFragment>
  <div
    class="side-bar"
  >
    <form>
      <input
        class="search-input"
        type="text"
        value=""
      />
      <button
        class="search-button"
        type="submit"
      >
        <svg
          aria-hidden="true"
          class="svg-inline--fa fa-magnifying-glass "
          data-icon="magnifying-glass"
          data-prefix="fas"
          focusable="false"
          role="img"
          viewBox="0 0 512 512"
          xmlns="http://www.w3.org/2000/svg"
        >
          <path
            d="M416 208c0 45.9-14.9 88.3-40 122.7L502.6 457.4c12.5 12.5 12.5 32.8 0 45.3s-32.8 12.5-45.3 0L330.7 376c-34.4 25.2-76.8 40-122.7 40C93.1 416 0 322.9 0 208S93.1 0 208 0S416 93.1 416 208zM208 352c79.5 0 144-64.5 144-144s-64.5-144-144-144S64 128.5 64 208s64.5 144 144 144z"
            fill="currentColor"
          />
        </svg>
      </button>
    </form>
    <div
      class="filter-city-title"
    >
      Filter by city
    </div>
    <div
      class="city-link-container"
    >
      <a
        class="city-link"
        href="/?query={\\"city\\":\\"Manchester\\"}"
      >
        Manchester
      </a>
    </div>
    <div
      class="city-link-container"
    >
      <a
        class="city-link"
        href="/?query={\\"city\\":\\"Leeds\\"}"
      >
        Leeds
      </a>
    </div>
    <div
      class="city-link-container"
    >
      <a
        class="city-link"
        href="/?query={\\"city\\":\\"Sheffield\\"}"
      >
        Sheffield
      </a>
    </div>
    <div
      class="city-link-container"
    >
      <a
        class="city-link"
        href="/?query={\\"city\\":\\"Liverpool\\"}"
      >
        Liverpool
      </a>
    </div>
    <div
      class="sort-city-title"
    >
      Sort By
    </div>
    <div
      class="sort-link-container"
    >
      <a
        class="sort-link"
        href="/?sort={\\"price\\":1}"
      >
        Price Ascending
      </a>
    </div>
    <div
      class="sort-link-container"
    >
      <a
        class="sort-link"
        href="/?sort={\\"price\\":-1}"
      >
        Price Descending
      </a>
    </div>
  </div>
</DocumentFragment>
`;
